PHP Warning:  Module 'myext' already loaded in Unknown on line 0

Warning: Module 'myext' already loaded in Unknown on line 0
myext extension is available